Component: ARM Compiler 5.06 update 4 (build 422) Tool: armlink [4d35d2]

==============================================================================

Section Cross References

    main.o(i.Hardware_Init) refers to misc.o(i.NVIC_PriorityGroupConfig) for NVIC_PriorityGroupConfig
    main.o(i.Hardware_Init) refers to delay.o(i.delay_init) for delay_init
    main.o(i.Hardware_Init) refers to tba.o(i.Tba_Init) for Tba_Init
    main.o(i.Hardware_Init) refers to infrared.o(i.Infrared_Init) for Infrared_Init
    main.o(i.Hardware_Init) refers to cba.o(i.Cba_Init) for Cba_Init
    main.o(i.Hardware_Init) refers to ultrasonic.o(i.Ultrasonic_Init) for Ultrasonic_Init
    main.o(i.Hardware_Init) refers to hard_can.o(i.Hard_Can_Init) for Hard_Can_Init
    main.o(i.Hardware_Init) refers to bh1750.o(i.BH1750_Configure) for BH1750_Configure
    main.o(i.Hardware_Init) refers to syn7318.o(i.SYN7318_Init) for SYN7318_Init
    main.o(i.Hardware_Init) refers to power_check.o(i.Electricity_Init) for Electricity_Init
    main.o(i.Hardware_Init) refers to uart_a72.o(i.UartA72_Init) for UartA72_Init
    main.o(i.Hardware_Init) refers to can_check.o(i.Can_check_Init) for Can_check_Init
    main.o(i.Hardware_Init) refers to roadway_check.o(i.roadway_check_TimInit) for roadway_check_TimInit
    main.o(i.Hardware_Init) refers to timer.o(i.Timer_Init) for Timer_Init
    main.o(i.Hardware_Init) refers to rc522.o(i.Readcard_daivce_Init) for Readcard_daivce_Init
    main.o(i.KEY_Check) refers to delay.o(i.delay_ms) for delay_ms
    main.o(i.KEY_Check) refers to drive.o(i.TFT_Test_Zigbee) for TFT_Test_Zigbee
    main.o(i.KEY_Check) refers to canp_hostcom.o(i.Send_ZigbeeData_To_Fifo) for Send_ZigbeeData_To_Fifo
    main.o(i.KEY_Check) refers to drive.o(i.Car_Track) for Car_Track
    main.o(i.KEY_Check) refers to drive.o(i.Car_Go) for Car_Go
    main.o(i.KEY_Check) refers to drive.o(i.Car_Left) for Car_Left
    main.o(i.KEY_Check) refers to drive.o(i.Car_Right) for Car_Right
    main.o(i.KEY_Check) refers to can_user.o(i.Can_ZigBeeRx_Check) for Can_ZigBeeRx_Check
    main.o(i.KEY_Check) refers to strcmp.o(.text) for strcmp
    main.o(i.KEY_Check) refers to canp_hostcom.o(i.Send_UpMotor) for Send_UpMotor
    main.o(i.KEY_Check) refers to drive.o(i.Gate_Show_Zigbee) for Gate_Show_Zigbee
    main.o(i.KEY_Check) refers to drive.o(i.Car_R45) for Car_R45
    main.o(i.KEY_Check) refers to syn7318.o(i.SYN7318_Extern) for SYN7318_Extern
    main.o(i.KEY_Check) refers to drive.o(i.Car_L45) for Car_L45
    main.o(i.KEY_Check) refers to infrared.o(i.Infrared_Send) for Infrared_Send
    main.o(i.KEY_Check) refers to ultrasonic.o(i.Ultrasonic_Ranging) for Ultrasonic_Ranging
    main.o(i.KEY_Check) refers to drive.o(i.LED_Dis_Zigbee) for LED_Dis_Zigbee
    main.o(i.KEY_Check) refers to drive.o(i.LED_Date_Zigbee) for LED_Date_Zigbee
    main.o(i.KEY_Check) refers to drive.o(i.Rotate_show_Inf) for Rotate_show_Inf
    main.o(i.KEY_Check) refers to drive.o(i.Garage_Cont_Zigbee) for Garage_Cont_Zigbee
    main.o(i.KEY_Check) refers to drive.o(i.Car_Back) for Car_Back
    main.o(i.KEY_Check) refers to syn7318.o(i.SYN7318_Put_String) for SYN7318_Put_String
    main.o(i.KEY_Check) refers to rc522.o(i.RC522) for RC522
    main.o(i.KEY_Check) refers to main.o(.data) for timestart
    main.o(i.KEY_Check) refers to roadway_check.o(.data) for Stop_Flag
    main.o(i.KEY_Check) refers to ultrasonic.o(.data) for dis
    main.o(i.main) refers to main.o(i.Hardware_Init) for Hardware_Init
    main.o(i.main) refers to timer.o(i.gt_get) for gt_get
    main.o(i.main) refers to canp_hostcom.o(i.Send_InfoData_To_Fifo) for Send_InfoData_To_Fifo
    main.o(i.main) refers to canp_hostcom.o(i.Send_UpMotor) for Send_UpMotor
    main.o(i.main) refers to main.o(i.KEY_Check) for KEY_Check
    main.o(i.main) refers to main.o(.data) for LED_twinkle_times
    main.o(i.main) refers to data_base.o(.bss) for Principal_Tab
    infrared.o(i.Infrared_Init) refers to stm32f4xx_rcc.o(i.RCC_AHB1PeriphClockCmd) for RCC_AHB1PeriphClockCmd
    infrared.o(i.Infrared_Init) refers to stm32f4xx_gpio.o(i.GPIO_Init) for GPIO_Init
    infrared.o(i.Infrared_Send) refers to delay.o(i.delay_ms) for delay_ms
    infrared.o(i.Infrared_Send) refers to delay.o(i.delay_us) for delay_us
    syn7318.o(i.SYN7318_Extern) refers to syn7318.o(i.Status_Query) for Status_Query
    syn7318.o(i.SYN7318_Extern) refers to syn7318.o(i.SYN7318_Put_String) for SYN7318_Put_String
    syn7318.o(i.SYN7318_Extern) refers to syn7318.o(i.SYN7318_Get_String) for SYN7318_Get_String
    syn7318.o(i.SYN7318_Extern) refers to delay.o(i.delay_ms) for delay_ms
    syn7318.o(i.SYN7318_Extern) refers to drive.o(i.YY_Comm_Zigbee) for YY_Comm_Zigbee
    syn7318.o(i.SYN7318_Extern) refers to syn7318.o(i.SYN_TTS) for SYN_TTS
    syn7318.o(i.SYN7318_Extern) refers to syn7318.o(.data) for S
[...]
    Alarm_Open                               0x2000000c   Data           6  main.o(.data)
    Alarm_Close                              0x20000012   Data           6  main.o(.data)
    Rotate_1                                 0x20000018   Data           6  main.o(.data)
    Rotate_2                                 0x2000001e   Data           6  main.o(.data)
    Gate_Open                                0x20000024   Data           8  main.o(.data)
    Gate_Close                               0x2000002c   Data           8  main.o(.data)
    Gate_GetStatus                           0x20000034   Data           8  main.o(.data)
    SEG_TimOpen                              0x2000003c   Data           8  main.o(.data)
    SMG_TimClose                             0x20000044   Data           8  main.o(.data)
    SMG_TimClear                             0x2000004c   Data           8  main.o(.data)
    TrafficA_Open                            0x20000054   Data           8  main.o(.data)
    TrafficA_Red                             0x2000005c   Data           8  main.o(.data)
    TrafficA_Green                           0x20000064   Data           8  main.o(.data)
    TrafficA_Yellow                          0x2000006c   Data           8  main.o(.data)
    TrafficB_Open                            0x20000074   Data           8  main.o(.data)
    TrafficB_Red                             0x2000007c   Data           8  main.o(.data)
    TrafficB_Green                           0x20000084   Data           8  main.o(.data)
    TrafficB_Yellow                          0x2000008c   Data           8  main.o(.data)
    GarageA_To1                              0x20000094   Data           8  main.o(.data)
    GarageA_To2                              0x2000009c   Data           8  main.o(.data)
    GarageA_To3                              0x200000a4   Data           8  main.o(.data)
    GarageA_To4                              0x200000ac   Data           8  main.o(.data)
    GarageA_Get_Floor                        0x200000b4   Data           8  main.o(.data)
    GarageA_Get_Infr                         0x200000bc   Data           8  main.o(.data)
    GarageB_To1                              0x200000c4   Data           8  main.o(.data)
    GarageB_To2                              0x200000cc   Data           8  main.o(.data)
    GarageB_To3                              0x200000d4   Data           8  main.o(.data)
    GarageB_To4                              0x200000dc   Data           8  main.o(.data)
    GarageB_Get_Floor                        0x200000e4   Data           8  main.o(.data)
    GarageB_Get_Infr                         0x200000ec   Data           8  main.o(.data)
    TFT_PageUp                               0x200000f4   Data           8  main.o(.data)
    TFT_PageDown                             0x200000fc   Data           8  main.o(.data)
    Charge_Open                              0x20000104   Data           8  main.o(.data)
    AGV_Thread1                              0x2000010c   Data           8  main.o(.data)
    AGV_Thread2                              0x20000114   Data           8  main.o(.data)
    Go_Speed                                 0x20000174   Data           1  main.o(.data)
    wheel_Speed                              0x20000175   Data           1  main.o(.data)
    Go_Temp                                  0x20000176   Data           2  main.o(.data)
    Power_check_times                        0x20000178   Data           4  main.o(.data)
    LED_twinkle_times                        0x2000017c   Data           4  main.o(.data)
    WIFI_Upload_data_times                   0x20000180   Data           4  main.o(.data)
    RFID_Init_Check_times                    0x20000184   Data           4  main.o(.data)
    timestart                                0x200001a0   Data           8  main.o(.data)
    timefinish                               0x200001a8   Data           8  main.o(.data)
    .data                                    0x200001b0   Section      350  syn7318.o(.data)
    Light_plus1                              0x200001b0   Data           4  syn7318.o(.data)
    Light_plus2                              0x200001b4   Data           4  syn7318.o(.data)
    Light_plus3                              0x200001b8   Data           4  syn7318.o(.data)
    Alarm_Open                               0x200001bc   Data           6  syn7318.o(.data)
    Alarm_Close                              0x200001c2   Data           6  syn7318.o(.data)
    Rotate_1                                 0x200001c8   Data           6  syn7318.o(.data)
    Rotate_2                                 0x200001ce   Data           6  syn7318.o(.data)
    Gate_Open                                0x200001d4   Data           8  syn7318.o(.data)
    Gate_Close                               0x200001dc   Data           8  syn7318.o(.data)
    Gate_GetStatus                           0x200001e4   Data           8  syn7318.o(.data)
    SEG_TimOpen                              0x200001ec   Data           8  syn7318.o(.data)
    SMG_TimClose                             0x200001f4   Data           8  syn7318.o(.data)
    SMG_TimClear                             0x200001fc   Data           8  syn7318.o(.data)
    TrafficA_Open                            0x20000204   Data           8  syn7318.o(.data)
    TrafficA_Red                             0x2000020c   Data           8  syn7318.o(.data)
    TrafficA_Green                           0x20000214   Data           8  syn7318.o(.data)
    TrafficA_Yellow                          0x2000021c   Data           8  syn7318.o(.data)
    TrafficB_Open                            0x20000224   Data           8  syn7318.o(.data)
    TrafficB_Red                             0x2000022c   Data           8  syn7318.o(.data)
    TrafficB_Green                           0x20000234   Data           8  syn7318.o(.data)
    TrafficB_Yellow                          0x2000023c   Data           8  syn7318.o(.data)
    GarageA_To1                              0x20000244   Data           8  syn7318.o(.data)
    GarageA_To2                              0x2000024c   Data           8  syn7318.o(.data)
    GarageA_To3                              0x20000254   Data           8  syn7318.o(.data)
    GarageA_To4                              0x2000025c   Data           8  syn7318.o(.data)
    GarageA_Get_Floor                        0x20000264   Data           8  syn7318.o(.data)
    GarageA_Get_Infr                         0x2000026c   Data           8  syn7318.o(.data)
    GarageB_To1                              0x20000274   Data           8  syn7318.o(.data)
    GarageB_To2                              0x2000027c   Data           8  syn7318.o(.data)
    GarageB_To3                              0x20000284   Data           8  syn7318.o(.data)
    GarageB_To4                              0x2000028c   Data           8  syn7318.o(.data)
    GarageB_Get_Floor                        0x20000294   Data           8  syn7318.o(.data)
    GarageB_Get_Infr                         0x2000029c   Data           8  syn7318.o(.data)
    TFT_PageUp                               0x200002a4   Data           8  syn7318.o(.data)
    TFT_PageDown                             0x200002ac   Data           8  syn7318.o(.data)
    Charge_Open                              0x200002b4   Data           8  syn7318.o(.data)
    AGV_Thread1                              0x200002bc   Data           8  syn7318.o(.data)
    AGV_Thread2                              0x200002c4   Data           8  syn7318.o(.data)
    .data                                    0x20000310   Section       10  ultrasonic.o(.data)
    .data                                    0x2000031a   Section        4  usart.o(.data)
    .data                                    0x20000320   Section       19  power_check.o(.data)
    .data                                    0x20000333   Section        3  uart_a72.o(.data)
    .data                                    0x20000338   Section       28  uart_drv.o(.data)
    RxData                                   0x20000338   Data           1  uart_drv.o(.data)
    Uart_RxTemp                              0x20000339   Data           1  uart_drv.o(.data)
    .data                                    0x20000354   Section       49  rc522.o(.data)
    Rc522_LinkFlag                           0x20000354   Data           1  rc522.o(.data)
    .data                                    0x20000386   Section      308  drive.o(.data)
    Light_plus1                              0x20000386   Data           4  drive.o(.data)
    Light_plus2                              0x2000038a   Data           4  drive.o(.data)
    Light_plus3                              0x2000038e   Data           4  drive.o(.data)
    Alarm_Open                               0x20000392   Data           6  drive.o(.data)
    Alarm_Close                              0x20000398   Data           6  drive.o(.data)
    Rotate_1                                 0x2000039e   Data           6  drive.o(.data)
    Rotate_2                                 0x200003a4   Data           6  drive.o(.data)
    Gate_Open                                0x200003aa   Data           8  drive.o(.data)
    Gate_Close                               0x200003b2   Data           8  drive.o(.data)
    Gate_GetStatus                           0x200003ba   Data           8  drive.o(.data)
    SEG_TimOpen                              0x200003c2   Data           8  drive.o(.data)
    SMG_TimClose                             0x200003ca   Data           8  drive.o(.data)
    SMG_TimClear                             0x200003d2   Data           8  drive.o(.data)
    TrafficA_Open                            0x200003da   Data           8  drive.o(.data)
    TrafficA_Red                             0x200003e2   Data           8  drive.o(.data)
    TrafficA_Green                           0x200003ea   Data           8  drive.o(.data)
    TrafficA_Yellow                          0x200003f2   Data           8  drive.o(.data)
    TrafficB_Open                            0x200003fa   Data           8  drive.o(.data)
    TrafficB_Red                             0x20000402   Data           8  drive.o(.data)
    TrafficB_Green                           0x2000040a   Data           8  drive.o(.data)
    TrafficB_Yellow                          0x20000412   Data           8  drive.o(.data)
    GarageA_To1                              0x2000041a   Data           8  drive.o(.data)
    GarageA_To2                              0x20000422   Data           8  drive.o(.data)
    GarageA_To3                              0x2000042a   Data           8  drive.o(.data)
    GarageA_To4                              0x20000432   Data           8  drive.o(.data)
    GarageA_Get_Floor                        0x2000043a   Data           8  drive.o(.data)
    GarageA_Get_Infr                         0x20000442   Data           8  drive.o(.data)
    GarageB_To1                              0x2000044a   Data           8  drive.o(.data)
    GarageB_To2                              0x20000452   Data           8  drive.o(.data)
    GarageB_To3                              0x2000045a   Data           8  drive.o(.data)
    GarageB_To4                              0x20000462   Data           8  drive.o(.data)
    GarageB_Get_Floor                        0x2000046a   Data           8  drive.o(.data)
    GarageB_Get_Infr                         0x20000472   Data           8  drive.o(.data)
    TFT_PageUp                               0x2000047a   Data           8  drive.o(.data)
    TFT_PageDown                             0x20000482   Data           8  drive.o(.data)
    Charge_Open                              0x2000048a   Data           8  drive.o(.data)
    AGV_Thread1                              0x20000492   Data           8  drive.o(.data)
    AGV_Thread2                              0x2000049a   Data           8  drive.o(.data)
    Zigbee                                   0x200004a2   Data           8  drive.o(.data)
    Infrared                                 0x200004aa   Data           6  drive.o(.data)
    YY_Init                                  0x200004b0   Data           5  drive.o(.data)
    .data                                    0x200004ba   Section        4  delay.o(.data)
    fac_us                                   0x200004ba   Data           1  delay.o(.data)
    fac_ms                                   0x200004bc   Data           2  delay.o(.data)
    .data                                    0x200004c0   Section        8  timer.o(.data)
    .data                                    0x200004c8   Section       16  stm32f4xx_rcc.o(.data)
    APBAHBPrescTable                         0x200004c8   Data          16  stm32f4xx_rcc.o(.data)
    .data                                    0x200004d8   Section       40  roadway_check.o(.data)
    .data                                    0x20000500   Section        2  can_drv.o(.data)
    .data                                    0x20000504   Section       55  canp_hostcom.o(.data)
    canp_ct                                  0x20000534   Data           4  canp_hostcom.o(.data)
    m                                        0x20000538   Data           1  canp_hostcom.o(.data)
    tmbox                                    0x20000539   Data           1  canp_hostcom.o(.data)
    c                                        0x2000053a   Data           1  canp_hostcom.o(.data)
    .data                                    0x2000053c   Section      314  can_user.o(.data)
    Light_plus1                              0x2000053c   Data           4  can_user.o(.data)
    Light_plus2                              0x20000540   Data           4  can_user.o(.data)
    Light_plus3                              0x20000544   Data           4  can_user.o(.data)
    Alarm_Open                               0x20000548   Data           6  can_user.o(.data)
    Alarm_Close                              0x2000054e   Data           6  can_user.o(.data)
    Rotate_1                                 0x20000554   Data           6  can_user.o(.data)
    Rotate_2                                 0x2000055a   Data           6  can_user.o(.data)
    Gate_Open                                0x20000560   Data           8  can_user.o(.data)
    Gate_Close                               0x20000568   Data           8  can_user.o(.data)
    Gate_GetStatus                           0x20000570   Data           8  can_user.o(.data)
    SEG_TimOpen                              0x20000578   Data           8  can_user.o(.data)
    SMG_TimClose                             0x20000580   Data           8  can_user.o(.data)
    SMG_TimClear                             0x20000588   Data           8  can_user.o(.data)
    TrafficA_Open                            0x20000590   Data           8  can_user.o(.data)
    TrafficA_Red                             0x20000598   Data           8  can_user.o(.data)
    TrafficA_Green                           0x200005a0   Data           8  can_user.o(.data)
    TrafficA_Yellow                          0x200005a8   Data           8  can_user.o(.data)
    TrafficB_Open                            0x200005b0   Data           8  can_user.o(.data)
    TrafficB_Red                             0x200005b8   Data           8  can_user.o(.data)
    TrafficB_Green                           0x200005c0   Data           8  can_user.o(.data)
    TrafficB_Yellow                          0x200005c8   Data           8  can_user.o(.data)
    GarageA_To1                              0x200005d0   Data           8  can_user.o(.data)
    GarageA_To2                              0x200005d8   Data           8  can_user.o(.data)
    GarageA_To3                              0x200005e0   Data           8  can_user.o(.data)
    GarageA_To4                              0x200005e8   Data           8  can_user.o(.data)
    GarageA_Get_Floor                        0x200005f0   Data           8  can_user.o(.data)
    GarageA_Get_Infr                         0x200005f8   Data           8  can_user.o(.data)
    GarageB_To1                              0x20000600   Data           8  can_user.o(.data)
    GarageB_To2                              0x20000608   Data           8  can_user.o(.data)
    GarageB_To3                              0x20000610   Data           8  can_user.o(.data)
    GarageB_To4                              0x20000618   Data           8  can_user.o(.data)
    GarageB_Get_Floor                        0x20000620   Data           8  can_user.o(.data)
    GarageB_Get_Infr                         0x20000628   Data           8  can_user.o(.data)
    TFT_PageUp                               0x20000630   Data           8  can_user.o(.data)
    TFT_PageDown                             0x20000638   Data           8  can_user.o(.data)
    Charge_Open                              0x20000640   Data           8  can_user.o(.data)
    AGV_Thread1                              0x20000648   Data           8  can_user.o(.data)
    AGV_Thread2                              0x20000650   Data           8  can_user.o(.data)
    run_mode                                 0x20000675   Data           1  can_user.o(.data)
    .bss                                     0x20000678   Section       50  uart_a72.o(.bss)
    .bss                                     0x200006ac   Section      220  uart_drv.o(.bss)
    .bss                                     0x20000788   Section       16  rc522.o(.bss)
    .bss                                     0x20000798   Section      100  data_base.o(.bss)
    .bss                                     0x200007fc   Section       40  can_drv.o(.bss)
    TxMessage                                0x200007fc   Data          20  can_drv.o(.bss)
    RxMessage                                0x20000810   Data          20  can_drv.o(.bss)
    .bss                                     0x20000824   Section      524  canp_hostcom.o(.bss)
    .bss                                     0x20000a30   Section       40  hard_can.o(.bss)
    .bss                                     0x20000a58   Section      400  can_user.o(.bss)
    STACK                                    0x20000be8   Section     1024  startup_stm32f40_41xxx.o(STACK)

    Global Symbols

    Symbol Name                              Value     Ov Type        Size  Object(Section)

    BuildAttributes$$THM_ISAv4$E$P$D$K$B$S$7EM$VFPi3$EXTD16$VFPS$VFMA$PE$A:L22UL41UL21$X:L11$S22US41US21$IEEE1$IW$USESV6$~STKCKD$USESV7$~SHL$OTIME$ROPI$EBA8$MICROLIB$REQ8$PRES8$EABIv2 0x00000000   Number         0  anon$$obj.o ABSOLUTE
    __ARM_use_no_argv                        0x00000000   Number         0  main.o ABSOLUTE
    __cpp_initialize__aeabi_                  - Undefined Weak Reference
    __cxa_finalize                            - Undefined Weak Reference
    _clock_init                               - Undefined Weak Reference
    _microlib_exit                            - Undefined Weak Reference
    __Vectors_Size                           0x00000188   Number         0  startup_stm32f40_41xxx.o ABSOLUTE
    __Vectors                                0x08000000   Data           4  startup_stm32f40_41xxx.o(RESET)
    __Vectors_End                            0x08000188   Data           0  startup_stm32f40_41xxx.o(RESET)
    __main                                   0x08000189   Thumb Code     0  entry.o(.ARM.Collect$$$$00000000)
    _main_stk                                0x08000189   Thumb Code     0  entry2.o(.ARM.Collect$$$$00000001)
    _main_scatterload                        0x0800018d   Thumb Code     0  entry5.o(.ARM.Collect$$$$00000004)
    __main_after_scatterload                 0x08000191   Thumb Code     0  entry5.o(.ARM.Collect$$$$00000004)
    _main_clock                              0x08000191   Thumb Code     0  entry7b.o(.ARM.Collect$$$$00000008)
    _main_cpp_init                           0x08000191   Thumb Code     0  entry8b.o(.ARM.Collect$$$$0000000A)
    _main_init                               0x08000191   Thumb Code     0  entry9a.o(.ARM.Collect$$$$0000000B)
    __rt_final_cpp                           0x08000199   Thumb Code     0  entry10a.o(.ARM.Collect$$$$0000000D)
    __rt_final_exit                          0x08000199   Thumb Code     0  entry11a.o(.ARM.Collect$$$$0000000F)
    Reset_Handler                            0x0800019d   Thumb Code     8  startup_stm32f40_41xxx.o(.text)
    NMI_Handler                              0x080001a5   Thumb Code     2  startup_stm32f40_41xxx.o(.text)
    HardFault_Handler                        0x080001a7   Thumb Code     2  startup_stm32f40_41xxx.o(.text)
    MemManage_Handler                        0x080001a9   Thumb Code     2  startup_stm32f40_41xxx.o(.text)
    BusFault_Handler                         0x080001ab   Thumb Code     2  startup_stm32f40_41xxx.o(.text)
    UsageFault_Handler                       0x080001ad   Thumb Code     2  startup_stm32f40_41xxx.o(.text)
    SVC_Handler                              0x080001af   Thumb Code     2  startup_stm32f40_41xxx.o(.text)
    DebugMon_Handler                         0x080001b1   Thumb Code     2  startup_stm32f40_41xxx.o(.text)
    PendSV_Handler                           0x080001b3   Thumb Code     2  startup_stm32f40_41xxx.o(.text)
    SysTick_Handler                          0x080001b5   Thumb Code     2  startup_stm32f40_41xxx.o(.text)
    ADC_IRQHandler                           0x080001b7   Thumb Code     0  startup_stm32f40_41xxx.o(.text)
    CAN1_RX0_IRQHandler                      0x080001b7   Thumb Code     0  startup_stm32f40_41xxx.o(.text)
    CAN1_RX1_IRQHandler                      0x080001b7   Thumb Code     0  startup_stm32f40_41xxx.o(.text)
    CAN1_SCE_IRQHandler                      0x080001b7   Thumb Code     0  startup_stm32f40_41xxx.o(.text)
    CAN1_TX_IRQHandler                       0x080001b7   Thumb Code     0  startup_stm32f40_41xxx.o(.text)
    CAN2_RX0_IRQHandler                      0x080001b7   Thumb Code     0  startup_stm32f40_41xxx.o(.text)
    CAN2_RX1_IRQHandler                      0x080001b7   Thumb Code     0  startup_stm32f40_41xxx.o(.text)
    CAN2_SCE_IRQHandler                      0x080001b7   Thumb Code     0  startup_stm32f40_41xxx.o(.text)
    CAN2_TX_IRQHandler                       0x080001b7   Thumb Code     0  startup_stm32f40_41xxx.o(.text)
    CRYP_IRQHandler                          0x080001b7   Thumb Code     0  startup_stm32f40_41xxx.o(.text)
    DCMI_IRQHandler                          0x080001b7   Thumb Code     0  startup_stm32f40_41xxx.o(.text)
    DMA1_Stream0_IRQHandler                  0x080001b7   Thumb Code     0  startup_stm32f40_41xxx.o(.text)
    DMA1_Stream1_IRQHandler                  0x080001b7   Thumb Code     0  startup_stm32f40_41xxx.o(.text)
    DMA1_Stream2_IRQHandler                  0x080001b7   Thumb Code     0  startup_stm32f40_41xxx.o(.text)
    DMA1_Stream3_IRQHandler                  0x080001b7   Thumb Code     0  startup_stm32f40_41xxx.o(.text)
    DMA1_Stream4_IRQHandler                  0x080001b7   Thumb Code     0  startup_stm32f40_41xxx.o(.text)
    DMA1_Stream5_IRQHandler                  0x080001b7   Thumb Code     0  startup_stm32f40_41xxx.o(.text)
    DMA1_Stream6_IRQHandler                  0x080001b7   Thumb Code     0  startup_stm32f40_41xxx.o(.text)
    DMA1_Stream7_IRQHandler                  0x080001b7   Thumb Code     0  startup_stm32f40_41xxx.o(.text)
    DMA2_Stream0_IRQHandler                  0x080001b7   Thumb Code     0  startup_stm32f40_41xxx.o(.text)
    DMA2_Stream1_IRQHandler                  0x080001b7   Thumb Code     0  startup_stm32f40_41xxx.o(.text)
    DMA2_Stream2_IRQHandler                  0x080001b7   Thumb Code     0  startup_stm32f40_41xxx.o(.text)
    DMA2_Stream3_IRQHandler                  0x080001b7   Thumb Code     0  startup_stm32f40_41xxx.o(.text)
    DMA2_Stream4_IRQHandler                  0x080001b7   Thumb Code     0  startup_stm32f40_41xxx.o(.text)
    DMA2_Stream5_IRQHandler                  0x080001b7   Thumb Code     0  startup_stm32f40_41xxx.o(.text)
    DMA2_Stream6_IRQHandler                  0x080001b7   Thumb Code     0  startup_stm32f40_41xxx.o(.text)
    DMA2_Stream7_IRQHandler                  0x080001b7   Thumb Code     0  startup_stm32f40_41xxx.o(.text)
    ETH_IRQHandler                           0x080001b7   Thumb Code     0  startup_stm32f40_41xxx.o(.text)
    ETH_WKUP_IRQHandler                      0x080001b7   Thumb Code     0  startup_stm32f40_41xxx.o(.text)
    EXTI0_IRQHandler                         0x080001b7   Thumb Code     0  startup_stm32f40_41xxx.o(.text)
    EXTI15_10_IRQHandler                     0x080001b7   Thumb Code     0  startup_stm32f40_41xxx.o(.text)
    EXTI1_IRQHandler                         0x080001b7   Thumb Code     0  startup_stm32f40_41xxx.o(.text)
    EXTI2_IRQHandler                         0x080001b7   Thumb Code     0  startup_stm32f40_41xxx.o(.text)
    EXTI3_IRQHandler                         0x080001b7   Thumb Code     0  startup_stm32f40_41xxx.o(.text)
    EXTI9_5_IRQHandler                       0x080001b7   Thumb Code     0  startup_stm32f40_41xxx.o(.text)
    FLASH_IRQHandler                         0x080001b7   Thumb Code     0  startup_stm32f40_41xxx.o(.text)
    FPU_IRQHandler                           0x080001b7   Thumb Code     0  startup_stm32f40_41xxx.o(.text)
    FSMC_IRQHandler                          0x080001b7   Thumb Code     0  startup_stm32f40_41xxx.o(.text)
    HASH_RNG_IRQHandler                      0x080001b7   Thumb Code     0  startup_stm32f40_41xxx.o(.text)
    I2C1_ER_IRQHandler                       0x080001b7   Thumb Code     0  startup_stm32f40_41xxx.o(.text)
    I2C1_EV_IRQHandler                       0x080001b7   Thumb Code     0  startup_stm32f40_41xxx.o(.text)
    I2C2_ER_IRQHandler                       0x080001b7   Thumb Code     0  startup_stm32f40_41xxx.o(.text)
    I2C2_EV_IRQHandler                       0x080001b7   Thumb Code     0  startup_stm32f40_41xxx.o(.text)
    I2C3_ER_IRQHandler                       0x080001b7   Thumb Code     0  startup_stm32f40_41xxx.o(.text)
    I2C3_EV_IRQHandler                       0x080001b7   Thumb Code     0  startup_stm32f40_41xxx.o(.text)
    OTG_FS_IRQHandler                        0x080001b7   Thumb Code     0  startup_stm32f40_41xxx.o(.text)
    OTG_FS_WKUP_IRQHandler                   0x080001b7   Thumb Code     0  startup_stm32f40_41xxx.o(.text)
    OTG_HS_EP1_IN_IRQHandler                 0x080001b7   Thumb Code     0  startup_stm32f40_41xxx.o(.text)
    OTG_HS_EP1_OUT_IRQHandler                0x080001b7   Thumb Code     0  startup_stm32f40_41xxx.o(.text)
    OTG_HS_IRQHandler                        0x080001b7   Thumb Code     0  startup_stm32f40_41xxx.o(.text)
    OTG_HS_WKUP_IRQHandler                   0x080001b7   Thumb Code     0  startup_stm32f40_41xxx.o(.text)
    PVD_IRQHandler                           0x080001b7   Thumb Code     0  startup_stm32f40_41xxx.o(.text)
    RCC_IRQHandler                           0x080001b7   Thumb Code     0  startup_stm32f40_41xxx.o(.text)
    RTC_Alarm_IRQHandler                     0x080001b7   Thumb Code     0  startup_stm32f40_41xxx.o(.text)
    RTC_WKUP_IRQHandler                      0x080001b7   Thumb Code     0  startup_stm32f40_41xxx.o(.text)
    SDIO_IRQHandler                          0x080001b7   Thumb Code     0  startup_stm32f40_41xxx.o(.text)
    SPI1_IRQHandler                          0x080001b7   Thumb Code     0  startup_stm32f40_41xxx.o(.text)
    SPI2_IRQHandler                          0x080001b7   Thumb Code     0  startup_stm32f40_41xxx.o(.text)
    SPI3_IRQHandler                          0x080001b7   Thumb Code     0  startup_stm32f40_41xxx.o(.text)
    TAMP_STAMP_IRQHandler                    0x080001b7   Thumb Code     0  startup_stm32f40_41xxx.o(.text)
    TIM1_CC_IRQHandler                       0x080001b7   Thumb Code     0  startup_stm32f40_41xxx.o(.text)
    TIM1_TRG_COM_TIM11_IRQHandler            0x080001b7   Thumb Code     0  startup_stm32f40_41xxx.o(.text)
    TIM2_IRQHandler                          0x080001b7   Thumb Code     0  startup_stm32f40_41xxx.o(.text)
    TIM3_IRQHandler                          0x080001b7   Thumb Code     0  startup_stm32f40_41xxx.o(.text)
    TIM4_IRQHandler                          0x080001b7   Thumb Code     0  startup_stm32f40_41xxx.o(.text)
    TIM5_IRQHandler                          0x080001b7   Thumb Code     0  startup_stm32f40_41xxx.o(.text)
    TIM8_BRK_TIM12_IRQHandler                0x080001b7   Thumb Code     0  startup_stm32f40_41xxx.o(.text)
    TIM8_CC_IRQHandler                       0x080001b7   Thumb Code     0  startup_stm32f40_41xxx.o(.text)
    TIM8_TRG_COM_TIM14_IRQHandler            0x080001b7   Thumb Code     0  startup_stm32f40_41xxx.o(.text)
    TIM8_UP_TIM13_IRQHandler                 0x080001b7   Thumb Code     0  startup_stm32f40_41xxx.o(.text)
    UART5_IRQHandler                         0x080001b7   Thumb Code     0  startup_stm32f40_41xxx.o(.text)
    USART3_IRQHandler                        0x080001b7   Thumb Code     0  startup_stm32f40_41xxx.o(.text)
    USART6_IRQHandler                        0x080001b7   Thumb Code     0  startup_stm32f40_41xxx.o(.text)
    WWDG_IRQHandler                          0x080001b7   Thumb Code     0  startup_stm32f40_41xxx.o(.text)
    __aeabi_memcpy                           0x080001c1   Thumb Code    36  memcpya.o(.text)
    __aeabi_memcpy4                          0x080001c1   Thumb Code     0  memcpya.o(.text)
    __aeabi_memcpy8                          0x080001c1   Thumb Code     0  memcpya.o(.text)
    __aeabi_memset                           0x080001e5   Thumb Code    14  memseta.o(.text)
    __aeabi_memset4                          0x080001e5   Thumb Code     0  memseta.o(.text)
    __aeabi_memset8                          0x080001e5   Thumb Code     0  memseta.o(.text)
    __aeabi_memclr                           0x080001f3   Thumb Code     4  memseta.o(.text)
    __aeabi_memclr4                          0x080001f3   Thumb Code     0  memseta.o(.text)
    __aeabi_memclr8                          0x080001f3   Thumb Code     0  memseta.o(.text)
    _memset$wrapper                          0x080001f7   Thumb Code    18  memseta.o(.text)
    strlen                                   0x08000209   Thumb Code    14  strlen.o(.text)
    strcmp                                   0x08000217   Thumb Code    28  strcmp.o(.text)
    __aeabi_ddiv                             0x08000233   Thumb Code   222  ddiv.o(.text)
    __aeabi_f2d                              0x08000311   Thumb Code    38  f2d.o(.text)
    __aeabi_d2f                              0x08000337   Thumb Code    56  d2f.o(.text)
    __aeabi_llsr                             0x0800036f   Thumb Code    32  llushr.o(.text)
    _ll_ushift_r                             0x0800036f   Thumb Code     0  llushr.o(.text)
    __I$use$fp                               0x0800038f   Thumb Code     0  iusefp.o(.text)
    _float_round                             0x0800038f   Thumb Code    18  fepilogue.o(.text)
    _float_epilogue                          0x080003a1   Thumb Code    92  fepilogue.o(.text)
    _double_round                            0x080003fd   Thumb Code    30  depilogue.o(.text)
    _double_epilogue                         0x0800041b   Thumb Code   156  depilogue.o(.text)
    __scatterload                            0x080004b9   Thumb Code    28  init.o(.text)
    __scatterload_rt2                        0x080004b9   Thumb Code     0  init.o(.text)
    __aeabi_llsl                             0x080004dd   Thumb Code    30  llshl.o(.text)
    _ll_shift_l                              0x080004dd   Thumb Code     0  llshl.o(.text)
    __decompress                             0x080004fb   Thumb Code     0  __dclz77c.o(.text)
    __decompress2                            0x080004fb   Thumb Code    94  __dclz77c.o(.text)
    ADC_Cmd                                  0x08000559   Thumb Code    22  stm32f4xx_adc.o(i.ADC_Cmd)
    ADC_CommonInit                           0x08000571   Thumb Code    34  stm32f4xx_adc.o(i.ADC_CommonInit)
    ADC_Configure                            0x080005a1   Thumb Code   132  power_check.o(i.ADC_Configure)
    ADC_Init                                 0x0800062d   Thumb Code    74  stm32f4xx_adc.o(i.ADC_Init)
    ADC_RegularChannelConfig                 0x08000681   Thumb Code   184  stm32f4xx_adc.o(i.ADC_RegularChannelConfig)
    BH1750_Configure                         0x08000739   Thumb Code    20  bh1750.o(i.BH1750_Configure)
    BH1750_PortInit                          0x08000751   Thumb Code    74  bh1750.o(i.BH1750_PortInit)
    BH1750_RecvACK                           0x080007a1   Thumb Code    42  bh1750.o(i.BH1750_RecvACK)
    BH1750_SendByte                          0x080007d5   Thumb Code    78  bh1750.o(i.BH1750_SendByte)
    BH1750_Start                             0x0800082d   Thumb Code    46  bh1750.o(i.BH1750_Start)
    BH1750_Stop                              0x08000865   Thumb Code    40  bh1750.o(i.BH1750_Stop)
    CAN_DeInit                               0x08000895   Thumb Code    50  stm32f4xx_can.o(i.CAN_DeInit)
    CAN_FilterInit                           0x080008cd   Thumb Code   258  stm32f4xx_can.o(i.CAN_FilterInit)
    CAN_ITConfig                             0x080009d5   Thumb Code    18  stm32f4xx_can.o(i.CAN_ITConfig)
    CAN_Init                                 0x080009e7   Thumb Code   276  stm32f4xx_can.o(i.CAN_Init)
    CAN_MessagePending                       0x08000afb   Thumb Code    30  stm32f4xx_can.o(i.CAN_MessagePending)
    CAN_Receive                              0x08000b19   Thumb Code   240  stm32f4xx_can.o(i.CAN_Receive)
    CAN_Transmit                             0x08000c09   Thumb Code   294  stm32f4xx_can.o(i.CAN_Transmit)
    CAN_TransmitStatus                       0x08000d31   Thumb Code   138  stm32f4xx_can.o(i.CAN_TransmitStatus)
    CalulateCRC                              0x08000dd1   Thumb Code   110  rc522.o(i.CalulateCRC)
    CanDrv_FiterUpdata                       0x08000e41   Thumb Code   616  can_drv.o(i.CanDrv_FiterUpdata)
    CanDrv_RxCheck                           0x08001115   Thumb Code    12  can_drv.o(i.CanDrv_RxCheck)
    CanDrv_RxGetMeesage                      0x08001125   Thumb Code    34  can_drv.o(i.CanDrv_RxGetMeesage)
    CanDrv_TxData                            0x0800114d   Thumb Code   106  can_drv.o(i.CanDrv_TxData)
    CanDrv_TxEmptyCheck                      0x080011c1   Thumb Code    18  can_drv.o(i.CanDrv_TxEmptyCheck)
    CanP_CanRx_Check                         0x080011d9   Thumb Code    18  canp_hostcom.o(i.CanP_CanRx_Check)
    CanP_CanRx_Irq                           0x080011ed   Thumb Code   146  canp_hostcom.o(i.CanP_CanRx_Irq)
    CanP_CanRx_TrackUp                       0x0800129d   Thumb Code    14  canp_hostcom.o(i.CanP_CanRx_TrackUp)
    CanP_CanTx_Check_fIrq                    0x080012b1   Thumb Code   204  canp_hostcom.o(i.CanP_CanTx_Check_fIrq)
    CanP_Cmd_Check                           0x08001395   Thumb Code    36  canp_hostcom.o(i.CanP_Cmd_Check)
    CanP_Cmd_Init                            0x080013bd   Thumb Code    26  canp_hostcom.o(i.CanP_Cmd_Init)
    CanP_Cmd_Send                            0x080013dd   Thumb Code    66  canp_hostcom.o(i.CanP_Cmd_Send)
    CanP_Cmd_Write                           0x08001425   Thumb Code    78  canp_hostcom.o(i.CanP_Cmd_Write)
    CanP_FifoInit                            0x08001479   Thumb Code    54  canp_hostcom.o(i.CanP_FifoInit)
    CanP_FifoInitS                           0x080014d9   Thumb Code    22  canp_hostcom.o(i.CanP_FifoInitS)
    CanP_Host_Main                           0x080014f1   Thumb Code   228  canp_hostcom.o(i.CanP_Host_Main)
    CanP_Init                                0x080015f9   Thumb Code    30  canp_hostcom.o(i.CanP_Init)
    Can_WifiRx_Save                          0x08001625   Thumb Code    66  can_user.o(i.Can_WifiRx_Save)
    Can_ZigBeeRx_Check                       0x08001679   Thumb Code   360  can_user.o(i.Can_ZigBeeRx_Check)
    Can_ZigBeeRx_Save                        0x080017f9   Thumb Code    66  can_user.o(i.Can_ZigBeeRx_Save)
    Can_check_Init                           0x0800184d   Thumb Code    92  can_check.o(i.Can_check_Init)
    Canuser_main                             0x080018ad   Thumb Code    12  can_user.o(i.Canuser_main)
    Car_Back                                 0x080018b9   Thumb Code    78  drive.o(i.Car_Back)
    Car_Go                                   0x0800192d   Thumb Code    72  drive.o(i.Car_Go)
    Car_L45                                  0x08001999   Thumb Code    42  drive.o(i.Car_L45)
    Car_Left                                 0x080019c5   Thumb Code    76  drive.o(i.Car_Left)
    Car_R45                                  0x08001a31   Thumb Code    42  drive.o(i.Car_R45)
    Car_Right                                0x08001a5d   Thumb Code    78  drive.o(i.Car_Right)
    Car_Track                                0x08001acd   Thumb Code    60  drive.o(i.Car_Track)
    Cba_Init                                 0x08001b29   Thumb Code   112  cba.o(i.Cba_Init)
    ClearBitMask                             0x08001ba1   Thumb Code    30  rc522.o(i.ClearBitMask)
    Control                                  0x08001bbf   Thumb Code    92  roadway_check.o(i.Control)
    EXTI4_IRQHandler                         0x08001c1d   Thumb Code    90  ultrasonic.o(i.EXTI4_IRQHandler)
    EXTI_ClearITPendingBit                   0x08001c91   Thumb Code     6  stm32f4xx_exti.o(i.EXTI_ClearITPendingBit)
    EXTI_GetITStatus                         0x08001c9d   Thumb Code    20  stm32f4xx_exti.o(i.EXTI_GetITStatus)
    EXTI_Init                                0x08001cb5   Thumb Code   142  stm32f4xx_exti.o(i.EXTI_Init)
    Electricity_Init                         0x08001d49   Thumb Code    12  power_check.o(i.Electricity_Init)
    FifoDrv_BufRead                          0x08001d55   Thumb Code    42  fifo_drv.o(i.FifoDrv_BufRead)
    FifoDrv_BufWrite                         0x08001d7f   Thumb Code    40  fifo_drv.o(i.FifoDrv_BufWrite)
    FifoDrv_CheckReadEn                      0x08001da7   Thumb Code    48  fifo_drv.o(i.FifoDrv_CheckReadEn)
    FifoDrv_CheckWriteEn                     0x08001dd7   Thumb Code    28  fifo_drv.o(i.FifoDrv_CheckWriteEn)
    FifoDrv_Init                             0x08001df3   Thumb Code    36  fifo_drv.o(i.FifoDrv_Init)
    FifoDrv_ReadOne                          0x08001e17   Thumb Code    48  fifo_drv.o(i.FifoDrv_ReadOne)
    FifoDrv_StructCheck                      0x08001e47   Thumb Code    36  fifo_drv.o(i.FifoDrv_StructCheck)
    FifoDrv_WriteOne                         0x08001e6b   Thumb Code    44  fifo_drv.o(i.FifoDrv_WriteOne)
    GPIO_Init                                0x08001e97   Thumb Code   144  stm32f4xx_gpio.o(i.GPIO_Init)
    GPIO_PinAFConfig                         0x08001f27   Thumb Code    70  stm32f4xx_gpio.o(i.GPIO_PinAFConfig)
    GPIO_ReadInputDataBit                    0x08001f6d   Thumb Code    18  stm32f4xx_gpio.o(i.GPIO_ReadInputDataBit)
    GPIO_ResetBits                           0x08001f7f   Thumb Code     4  stm32f4xx_gpio.o(i.GPIO_ResetBits)
    GPIO_SetBits                             0x08001f83   Thumb Code     4  stm32f4xx_gpio.o(i.GPIO_SetBits)
    Garage_Cont_Zigbee                       0x08001f89   Thumb Code   312  drive.o(i.Garage_Cont_Zigbee)
    Gate_Show_Zigbee                         0x080020f5   Thumb Code   164  drive.o(i.Gate_Show_Zigbee)
    Get_Host_UpTrack                         0x0800219d   Thumb Code    48  canp_hostcom.o(i.Get_Host_UpTrack)
    Go_and_Back_Check                        0x080021d1   Thumb Code    86  roadway_check.o(i.Go_and_Back_Check)
    Hard_Can_Init                            0x08002239   Thumb Code   284  hard_can.o(i.Hard_Can_Init)
    Hard_Can_SpeedMode                       0x08002365   Thumb Code    30  hard_can.o(i.Hard_Can_SpeedMode)
    Hard_Can_While                           0x08002389   Thumb Code     8  hard_can.o(i.Hard_Can_While)
    Hard_Uart_MurtSel                        0x08002391   Thumb Code    30  uart_a72.o(i.Hard_Uart_MurtSel)
    Host_Receive_UpTrack                     0x0800240d   Thumb Code     8  canp_hostcom.o(i.Host_Receive_UpTrack)
    Infrared_Init                            0x08002419   Thumb Code    56  infrared.o(i.Infrared_Init)
    Infrared_Send                            0x08002459   Thumb Code   170  infrared.o(i.Infrared_Send)
    InitRc522                                0x0800250d   Thumb Code    48  rc522.o(i.InitRc522)
    LED_Date_Zigbee                          0x0800298d   Thumb Code   108  drive.o(i.LED_Date_Zigbee)
    LED_Dis_Zigbee                           0x080029fd   Thumb Code   130  drive.o(i.LED_Dis_Zigbee)
    M500PcdConfigISOType                     0x08002a85   Thumb Code    92  rc522.o(i.M500PcdConfigISOType)
    NVIC_Init                                0x08002ae1   Thumb Code   106  misc.o(i.NVIC_Init)
    NVIC_PriorityGroupConfig                 0x08002b59   Thumb Code    10  misc.o(i.NVIC_PriorityGroupConfig)
    Parameter_Init                           0x08002b6d   Thumb Code    98  power_check.o(i.Parameter_Init)
    PcdAntennaOff                            0x08002be9   Thumb Code    12  rc522.o(i.PcdAntennaOff)
    PcdAntennaOn                             0x08002bf5   Thumb Code    26  rc522.o(i.PcdAntennaOn)
    PcdAnticoll                              0x08002c0f   Thumb Code   112  rc522.o(i.PcdAnticoll)
    PcdAuthState                             0x08002c7f   Thumb Code   110  rc522.o(i.PcdAuthState)
    PcdComMF522                              0x08002ced   Thumb Code   306  rc522.o(i.PcdComMF522)
    PcdRead                                  0x08002e1f   Thumb Code    84  rc522.o(i.PcdRead)
    PcdRequest                               0x08002e73   Thumb Code    84  rc522.o(i.PcdRequest)
    PcdReset                                 0x08002ec7   Thumb Code    72  rc522.o(i.PcdReset)
    PcdSelect                                0x08002f0f   Thumb Code   114  rc522.o(i.PcdSelect)
    PcdWrite                                 0x08002f81   Thumb Code   146  rc522.o(i.PcdWrite)
    RC522                                    0x08003015   Thumb Code   272  rc522.o(i.RC522)
    RC522_Uart_init                          0x08003189   Thumb Code   134  rc522.o(i.RC522_Uart_init)
    RCC_AHB1PeriphClockCmd                   0x0800321d   Thumb Code    26  stm32f4xx_rcc.o(i.RCC_AHB1PeriphClockCmd)
    RCC_APB1PeriphClockCmd                   0x0800323d   Thumb Code    26  stm32f4xx_rcc.o(i.RCC_APB1PeriphClockCmd)
    RCC_APB1PeriphResetCmd                   0x0800325d   Thumb Code    26  stm32f4xx_rcc.o(i.RCC_APB1PeriphResetCmd)
    RCC_APB2PeriphClockCmd                   0x0800327d   Thumb Code    26  stm32f4xx_rcc.o(i.RCC_APB2PeriphClockCmd)
    RCC_APB2PeriphResetCmd                   0x0800329d   Thumb Code    26  stm32f4xx_rcc.o(i.RCC_APB2PeriphResetCmd)
    RCC_GetClocksFreq                        0x080032bd   Thumb Code   214  stm32f4xx_rcc.o(i.RCC_GetClocksFreq)
    Rc522_OutSRst                            0x080033a5   Thumb Code    62  rc522.o(i.Rc522_OutSRst)
    ReadRawRC                                0x080033e3   Thumb Code    42  rc522.o(i.ReadRawRC)
    Readcard_daivce_Init                     0x0800340d   Thumb Code    24  rc522.o(i.Readcard_daivce_Init)
    Rece_data                                0x08003425   Thumb Code    62  rc522.o(i.Rece_data)
    Roadway_Check                            0x0800346d   Thumb Code    20  roadway_check.o(i.Roadway_Check)
    Roadway_mp_Get                           0x08003481   Thumb Code    62  roadway_check.o(i.Roadway_mp_Get)
    Roadway_mp_syn                           0x080034c9   Thumb Code    12  roadway_check.o(i.Roadway_mp_syn)
    Rotate_show_Inf                          0x080034dd   Thumb Code    84  drive.o(i.Rotate_show_Inf)
    SDA_IN                                   0x08003535   Thumb Code    28  bh1750.o(i.SDA_IN)
    SDA_OUT                                  0x08003555   Thumb Code    34  bh1750.o(i.SDA_OUT)
    SYN7318_Extern                           0x0800357d   Thumb Code   292  syn7318.o(i.SYN7318_Extern)
    SYN7318_Get_String                       0x0800375d   Thumb Code    26  syn7318.o(i.SYN7318_Get_String)
    SYN7318_Get_char                         0x08003779   Thumb Code    30  syn7318.o(i.SYN7318_Get_char)
    SYN7318_Init                             0x0800379d   Thumb Code    68  syn7318.o(i.SYN7318_Init)
    SYN7318_Put_Char                         0x080037e5   Thumb Code    12  syn7318.o(i.SYN7318_Put_Char)
    SYN7318_Put_String                       0x080037f1   Thumb Code    26  syn7318.o(i.SYN7318_Put_String)
    SYN_TTS                                  0x0800380d   Thumb Code   114  syn7318.o(i.SYN_TTS)
    SYSCFG_EXTILineConfig                    0x08003885   Thumb Code    60  stm32f4xx_syscfg.o(i.SYSCFG_EXTILineConfig)
    Send_InfoData_To_Fifo                    0x080038c5   Thumb Code    24  canp_hostcom.o(i.Send_InfoData_To_Fifo)
    Send_UpMotor                             0x080038e1   Thumb Code    84  canp_hostcom.o(i.Send_UpMotor)
    Send_ZigbeeData_To_Fifo                  0x08003935   Thumb Code    18  canp_hostcom.o(i.Send_ZigbeeData_To_Fifo)
    Send_data                                0x0800394d   Thumb Code    46  rc522.o(i.Send_data)
    SetBitMask                               0x08003981   Thumb Code    30  rc522.o(i.SetBitMask)
    Single_Write_BH1750                      0x08003a8d   Thumb Code    26  bh1750.o(i.Single_Write_BH1750)
    Status_Query                             0x08003aa9   Thumb Code    60  syn7318.o(i.Status_Query)
    SysTick_CLKSourceConfig                  0x08003aed   Thumb Code    40  misc.o(i.SysTick_CLKSourceConfig)
    SystemInit                               0x08003b15   Thumb Code    88  system_stm32f4xx.o(i.SystemInit)
    TFT_Test_Zigbee                          0x08003b7d   Thumb Code   112  drive.o(i.TFT_Test_Zigbee)
    TIM1_BRK_TIM9_IRQHandler                 0x08003bf1   Thumb Code    28  roadway_check.o(i.TIM1_BRK_TIM9_IRQHandler)
    TIM1_UP_TIM10_IRQHandler                 0x08003c11   Thumb Code    34  timer.o(i.TIM1_UP_TIM10_IRQHandler)
    TIM6_DAC_IRQHandler                      0x08003c3d   Thumb Code    34  ultrasonic.o(i.TIM6_DAC_IRQHandler)
    TIM7_IRQHandler                          0x08003c69   Thumb Code    28  can_check.o(i.TIM7_IRQHandler)
    TIM_ClearITPendingBit                    0x08003c89   Thumb Code     6  stm32f4xx_tim.o(i.TIM_ClearITPendingBit)
    TIM_Cmd                                  0x08003c8f   Thumb Code    24  stm32f4xx_tim.o(i.TIM_Cmd)
    TIM_GetITStatus                          0x08003ca7   Thumb Code    34  stm32f4xx_tim.o(i.TIM_GetITStatus)
    TIM_ITConfig                             0x08003cc9   Thumb Code    18  stm32f4xx_tim.o(i.TIM_ITConfig)
    TIM_TimeBaseInit                         0x08003cdd   Thumb Code   104  stm32f4xx_tim.o(i.TIM_TimeBaseInit)
    Tba_Beep_Config                          0x08003d61   Thumb Code    46  tba.o(i.Tba_Beep_Config)
    Tba_Init                                 0x08003d95   Thumb Code    16  tba.o(i.Tba_Init)
    Tba_Photoresistance_Config               0x08003da5   Thumb Code    38  tba.o(i.Tba_Photoresistance_Config)
    Tba_WheelLED_Config                      0x08003dd1   Thumb Code    46  tba.o(i.Tba_WheelLED_Config)
    Timer_Init                               0x08003e05   Thumb Code    92  timer.o(i.Timer_Init)
    Track_Check                              0x08003e65   Thumb Code    26  roadway_check.o(i.Track_Check)
    Track_Correct                            0x08003e85   Thumb Code   728  roadway_check.o(i.Track_Correct)
    U6SendChar                               0x0800417d   Thumb Code    32  syn7318.o(i.U6SendChar)
    U8ToU16                                  0x080041a1   Thumb Code    16  my_lib.o(i.U8ToU16)
    U8ToU16_Big                              0x080041b1   Thumb Code    16  my_lib.o(i.U8ToU16_Big)
    UART4_IRQHandler                         0x080041c1   Thumb Code    10  uart_a72.o(i.UART4_IRQHandler)
    USART1_IRQHandler                        0x080041d1   Thumb Code    76  usart.o(i.USART1_IRQHandler)
    USART2_IRQHandler                        0x0800422d   Thumb Code   104  uart_a72.o(i.USART2_IRQHandler)
    USART6_Init                              0x080042a9   Thumb Code   142  syn7318.o(i.USART6_Init)
    USART_ClearFlag                          0x08004341   Thumb Code    18  stm32f4xx_usart.o(i.USART_ClearFlag)
    USART_ClearITPendingBit                  0x08004353   Thumb Code    30  stm32f4xx_usart.o(i.USART_ClearITPendingBit)
    USART_Cmd                                0x08004371   Thumb Code    24  stm32f4xx_usart.o(i.USART_Cmd)
    USART_GetFlagStatus                      0x08004389   Thumb Code    26  stm32f4xx_usart.o(i.USART_GetFlagStatus)
    USART_GetITStatus                        0x080043a3   Thumb Code    84  stm32f4xx_usart.o(i.USART_GetITStatus)
    USART_ITConfig                           0x080043f7   Thumb Code    74  stm32f4xx_usart.o(i.USART_ITConfig)
    USART_Init                               0x08004441   Thumb Code   204  stm32f4xx_usart.o(i.USART_Init)
    USART_ReceiveData                        0x08004515   Thumb Code    10  stm32f4xx_usart.o(i.USART_ReceiveData)
    USART_SendData                           0x0800451f   Thumb Code     8  stm32f4xx_usart.o(i.USART_SendData)
    UartA72_Init                             0x08004529   Thumb Code    76  uart_a72.o(i.UartA72_Init)
    Uart_A72_PortInit                        0x08004585   Thumb Code   286  uart_a72.o(i.Uart_A72_PortInit)
    Uart_Irq                                 0x080046b9   Thumb Code   230  uart_drv.o(i.Uart_Irq)
    Ultrasonic_EXTI                          0x080047b1   Thumb Code    86  ultrasonic.o(i.Ultrasonic_EXTI)
    Ultrasonic_Init                          0x08004807   Thumb Code    20  ultrasonic.o(i.Ultrasonic_Init)
    Ultrasonic_Port                          0x0800481d   Thumb Code    94  ultrasonic.o(i.Ultrasonic_Port)
    Ultrasonic_Ranging                       0x08004885   Thumb Code    72  ultrasonic.o(i.Ultrasonic_Ranging)
    Ultrasonic_TIM                           0x080048dd   Thumb Code    84  ultrasonic.o(i.Ultrasonic_TIM)
    WriteRawRC                               0x08004935   Thumb Code    16  rc522.o(i.WriteRawRC)
    WriteRawRC_HDL                           0x08004945   Thumb Code    68  rc522.o(i.WriteRawRC_HDL)
    YY_Comm_Zigbee                           0x08004989   Thumb Code    80  drive.o(i.YY_Comm_Zigbee)
    __scatterload_copy                       0x080049dd   Thumb Code    14  handlers.o(i.__scatterload_copy)
    __scatterload_null                       0x080049eb   Thumb Code     2  handlers.o(i.__scatterload_null)
    __scatterload_zeroinit                   0x080049ed   Thumb Code    14  handlers.o(i.__scatterload_zeroinit)
    delay_init                               0x080049fd   Thumb Code    52  delay.o(i.delay_init)
    delay_ms                                 0x08004a39   Thumb Code    72  delay.o(i.delay_ms)
    delay_us                                 0x08004a85   Thumb Code    72  delay.o(i.delay_us)
    gt_get                                   0x08004ad1   Thumb Code     6  timer.o(i.gt_get)
    gt_get_sub                               0x08004add   Thumb Code    20  timer.o(i.gt_get_sub)
    main                                     0x08004af5   Thumb Code    94  main.o(i.main)
    roadway_check_TimInit                    0x08004b75   Thumb Code    92  roadway_check.o(i.roadway_check_TimInit)
    wheel_Nav_check                          0x08004bd5   Thumb Code    46  roadway_check.o(i.wheel_Nav_check)
    wheel_Track_check                        0x08004c11   Thumb Code   148  roadway_check.o(i.wheel_Track_check)
    bit_tab                                  0x08004cb4   Data         128  my_lib.o(.constdata)
    bit_and_tab                              0x08004d34   Data         128  my_lib.o(.constdata)
    bit4_lowhig                              0x08004db4   Data          16  my_lib.o(.constdata)
    Region$$Table$$Base                      0x08004dc4   Number         0  anon$$obj.o(Region$$Table)
    Region$$Table$$Limit                     0x08004de4   Number         0  anon$$obj.o(Region$$Table)
    b_tu                                     0x2000011c   Data           6  main.o(.data)
    mydi                                     0x20000122   Data          13  main.o(.data)
    mydef                                    0x2000012f   Data          69  main.o(.data)
    make                                     0x20000188   Data           1  main.o(.data)
    RFID_Flag                                0x20000189   Data           1  main.o(.data)
    SYN7318_Flag                             0x2000018a   Data           1  main.o(.data)
    number                                   0x2000018b   Data           1  main.o(.data)
    RFID_addr                                0x2000018c   Data           1  main.o(.data)
    Terrain_Flag                             0x2000018d   Data           1  main.o(.data)
    dis_size                                 0x2000018e   Data           2  main.o(.data)
    tim_i                                    0x20000190   Data           2  main.o(.data)
    tim_j                                    0x20000192   Data           2  main.o(.data)
    AGV_GO_sp                                0x20000194   Data           1  main.o(.data)
    AGV_wheel_sp                             0x20000195   Data           1  main.o(.data)
    AGV_GO_mp                                0x20000196   Data           2  main.o(.data)
    SYN_Sesult                               0x20000198   Data           8  main.o(.data)
    Back                                     0x200002cc   Data           4  syn7318.o(.data)
    ASR                                      0x200002d0   Data           6  syn7318.o(.data)
    S                                        0x200002d6   Data           4  syn7318.o(.data)
    Wake_Up                                  0x200002da   Data           5  syn7318.o(.data)
    Stop_Wake_Up                             0x200002df   Data           4  syn7318.o(.data)
    Start_ASR_Buf                            0x200002e3   Data           5  syn7318.o(.data)
    Stop_ASR_Buf                             0x200002e8   Data           4  syn7318.o(.data)
    Play_MP3                                 0x200002ec   Data          33  syn7318.o(.data)
    Ysn7813_flag                             0x2000030d   Data           1  syn7318.o(.data)
    Ultrasonic_Value                         0x20000310   Data           4  ultrasonic.o(.data)
    Ultrasonic_Num                           0x20000314   Data           4  ultrasonic.o(.data)
    dis                                      0x20000318   Data           2  ultrasonic.o(.data)
    RX_OK                                    0x2000031a   Data           1  usart.o(.data)
    Length_num                               0x2000031b   Data           1  usart.o(.data)
    RX_Data                                  0x2000031c   Data           2  usart.o(.data)
    Electric_Buf                             0x20000320   Data           2  power_check.o(.data)
    Pa                                       0x20000324   Data           4  power_check.o(.data)
    Pb                                       0x20000328   Data           4  power_check.o(.data)
    pwr_ck_l                                 0x2000032c   Data           1  power_check.o(.data)
    pwr_ck_r                                 0x2000032d   Data           1  power_check.o(.data)
    temp                                     0x2000032e   Data           2  power_check.o(.data)
    temp2                                    0x20000330   Data           2  power_check.o(.data)
    temp_value                               0x20000332   Data           1  power_check.o(.data)
    Uart_A72_TxEmpty                         0x20000333   Data           1  uart_a72.o(.data)
    FifuBuf_A72_SRx                          0x20000334   Data           2  uart_a72.o(.data)
    uart_prot_buf                            0x2000033c   Data          24  uart_drv.o(.data)
    CT                                       0x20000355   Data           2  rc522.o(.data)
    SN                                       0x20000357   Data           4  rc522.o(.data)
    WRITE_RFID                               0x2000035b   Data          16  rc522.o(.data)
    KEY_A                                    0x2000036b   Data           6  rc522.o(.data)
    KEY_B                                    0x20000371   Data           6  rc522.o(.data)
    ADDR_Str                                 0x20000377   Data          14  rc522.o(.data)
    tim_a                                    0x200004b6   Data           2  drive.o(.data)
    tim_b                                    0x200004b8   Data           2  drive.o(.data)
    global_times                             0x200004c0   Data           4  timer.o(.data)
    delay_ms_const                           0x200004c4   Data           4  timer.o(.data)
    wheel_L_Flag                             0x200004d8   Data           1  roadway_check.o(.data)
    wheel_R_Flag                             0x200004d9   Data           1  roadway_check.o(.data)
    wheel_Nav_Flag                           0x200004da   Data           1  roadway_check.o(.data)
    Go_Flag                                  0x200004db   Data           1  roadway_check.o(.data)
    Back_Flag                                0x200004dc   Data           1  roadway_check.o(.data)
    Track_Flag                               0x200004dd   Data           1  roadway_check.o(.data)
    Line_Flag                                0x200004de   Data           1  roadway_check.o(.data)
    count                                    0x200004e0   Data           2  roadway_check.o(.data)
    Stop_Flag                                0x200004e2   Data           1  roadway_check.o(.data)
    LSpeed                                   0x200004e4   Data           4  roadway_check.o(.data)
    RSpeed                                   0x200004e8   Data           4  roadway_check.o(.data)
    Car_Spend                                0x200004ec   Data           4  roadway_check.o(.data)
    temp_MP                                  0x200004f0   Data           2  roadway_check.o(.data)
    temp_Nav                                 0x200004f2   Data           2  roadway_check.o(.data)
    Wheel_flag                               0x200004f4   Data           4  roadway_check.o(.data)
    Roadway_cmp                              0x200004f8   Data           2  roadway_check.o(.data)
    Roadway_Navig                            0x200004fa   Data           2  roadway_check.o(.data)
    Mp_Value                                 0x200004fc   Data           4  roadway_check.o(.data)
    Can_Filter_Flag                          0x20000500   Data           1  can_drv.o(.data)
    Ccp_RxFlag                               0x20000501   Data           1  can_drv.o(.data)
    CanP_RxFMI_Flag                          0x20000504   Data           4  canp_hostcom.o(.data)
    ctbuf                                    0x20000508   Data           8  canp_hostcom.o(.data)
    Track_buf                                0x20000510   Data           2  canp_hostcom.o(.data)
    CanHost_Mp                               0x20000512   Data           2  canp_hostcom.o(.data)
    CanHost_Navig                            0x20000514   Data           2  canp_hostcom.o(.data)
    Fileter_Tab                              0x20000516   Data          28  canp_hostcom.o(.data)
    Wifi_Rx_num                              0x20000658   Data           1  can_user.o(.data)
    Wifi_Rx_flag                             0x20000659   Data           1  can_user.o(.data)
    Zigbee_Rx_num                            0x2000065a   Data           1  can_user.o(.data)
    Zigbee_Rx_flag                           0x2000065b   Data           1  can_user.o(.data)
    Host_AGV_Return_Flag                     0x2000065c   Data           1  can_user.o(.data)
    AGV_data_Falg                            0x2000065d   Data           1  can_user.o(.data)
    canu_wifi_rxtime                         0x20000660   Data           4  can_user.o(.data)
    canu_zibe_rxtime                         0x20000664   Data           4  can_user.o(.data)
    GateStr                                  0x20000668   Data           6  can_user.o(.data)
    Rx_Flag                                  0x2000066e   Data           1  can_user.o(.data)
    Infrared_Tab                             0x2000066f   Data           6  can_user.o(.data)
    FifoBuf_A72_Tx                           0x20000678   Data          50  uart_a72.o(.bss)
    uart_struct                              0x200006ac   Data         220  uart_drv.o(.bss)
    READ_RFID                                0x20000788   Data          16  rc522.o(.bss)
    Principal_Tab                            0x20000798   Data          50  data_base.o(.bss)
    Follower_Tab                             0x200007ca   Data          50  data_base.o(.bss)
    Fifo_Info                                0x20000824   Data          16  canp_hostcom.o(.bss)
    Fifo_WifiRx                              0x20000834   Data          16  canp_hostcom.o(.bss)
    Fifo_WifiTx                              0x20000844   Data          16  canp_hostcom.o(.bss)
    Fifo_ZigbRx                              0x20000854   Data          16  canp_hostcom.o(.bss)
    Fifo_ZigbTx                              0x20000864   Data          16  canp_hostcom.o(.bss)
    FifoBuf_Info                             0x20000874   Data          50  canp_hostcom.o(.bss)
    FifoBuf_WifiRx                           0x200008a6   Data          50  canp_hostcom.o(.bss)
    FifoBuf_WifiTx                           0x200008d8   Data          50  canp_hostcom.o(.bss)
    FifoBuf_ZigbRx                           0x2000090a   Data          50  canp_hostcom.o(.bss)
    FifoBuf_ZigbTx                           0x2000093c   Data          50  canp_hostcom.o(.bss)
    crm                                      0x20000970   Data          20  canp_hostcom.o(.bss)
    crbuf                                    0x20000984   Data          32  canp_hostcom.o(.bss)
    CanP_Cmd_SBuf                            0x200009a4   Data         140  canp_hostcom.o(.bss)
    TxMessage                                0x20000a30   Data          20  hard_can.o(.bss)
    RxMessage                                0x20000a44   Data          20  hard_can.o(.bss)
    Wifi_Rx_Buf                              0x20000a58   Data         200  can_user.o(.bss)
    Zigb_Rx_Buf                              0x20000b20   Data         200  can_user.o(.bss)
    __initial_sp                             0x20000fe8   Data           0  startup_stm32f40_41xxx.o(STACK)



==============================================================================

Memory Map of the image

  Image Entry point : 0x08000189

  Load Region LR_IROM1 (Base: 0x08000000, Size: 0x0000545c, Max: 0x00100000, ABSOLUTE, COMPRESSED[0x00004fbc])

    Execution Region ER_IROM1 (Base: 0x08000000, Size: 0x00004de4, Max: 0x00100000, ABSOLUTE)

    Base Addr    Size         Type   Attr      Idx    E Section Name        Object

    0x08000000   0x00000188   Data   RO         6443    RESET               startup_stm32f40_41xxx.o
    0x08000188   0x00000000   Code   RO         7265  * .ARM.Collect$$$$00000000  mc_w.l(entry.o)
    0x08000188   0x00000004   Code   RO         7288    .ARM.Collect$$$$00000001  mc_w.l(entry2.o)
    0x0800018c   0x00000004   Code   RO         7291    .ARM.Collect$$$$00000004  mc_w.l(entry5.o)
    0x08000190   0x00000000   Code   RO         7293    .ARM.Collect$$$$00000008  mc_w.l(entry7b.o)
    0x08000190   0x00000000   Code   RO         7295    .ARM.Collect$$$$0000000A  mc_w.l(entry8b.o)
    0x08000190   0x00000008   Code   RO         7296    .ARM.Collect$$$$0000000B  mc_w.l(entry9a.o)
    0x08000198   0x00000000   Code   RO         7298    .ARM.Collect$$$$0000000D  mc_w.l(entry10a.o)
    0x08000198   0x00000000   Code   RO         7300    .ARM.Collect$$$$0000000F  mc_w.l(entry11a.o)
    0x08000198   0x00000004   Code   RO         7289    .ARM.Collect$$$$00002712  mc_w.l(entry2.o)
    0x0800019c   0x00000024   Code   RO         6444    .text               startup_stm32f40_41xxx.o
    0x080001c0   0x00000024   Code   RO         7268    .text               mc_w.l(memcpya.o)
    0x080001e4   0x00000024   Code   RO         7270    .text               mc_w.l(memseta.o)
    0x08000208   0x0000000e   Code   RO         7272    .text               mc_w.l(strlen.o)
    0x08000216   0x0000001c   Code   RO         7274    .text               mc_w.l(strcmp.o)
    0x08000232   0x000000de   Code   RO         7278    .text               mf_w.l(ddiv.o)
    0x08000310   0x00000026   Code   RO         7284    .text               mf_w.l(f2d.o)
    0x08000336   0x00000038   Code   RO         7286    .text               mf_w.l(d2f.o)
    0x0800036e   0x00000020   Code   RO         7302    .text               mc_w.l(llushr.o)
    0x0800038e   0x00000000   Code   RO         7304    .text               mc_w.l(iusefp.o)
    0x0800038e   0x0000006e   Code   RO         7305    .text               mf_w.l(fepilogue.o)
    0x080003fc   0x000000ba   Code   RO         7307    .text               mf_w.l(depilogue.o)
    0x080004b6   0x00000002   PAD
    0x080004b8   0x00000024   Code   RO         7309    .text               mc_w.l(init.o)
    0x080004dc   0x0000001e   Code   RO         7311    .text               mc_w.l(llshl.o)
    0x080004fa   0x0000005e   Code   RO         7321    .text               mc_w.l(__dclz77c.o)
    0x08000558   0x00000016   Code   RO         1656    i.ADC_Cmd           stm32f4xx_adc.o
    0x0800056e   0x00000002   PAD
    0x08000570   0x00000030   Code   RO         1657    i.ADC_CommonInit    stm32f4xx_adc.o
    0x080005a0   0x0000008c   Code   RO          766    i.ADC_Configure     power_check.o
    0x0800062c   0x00000054   Code   RO         1676    i.ADC_Init          stm32f4xx_adc.o
    0x08000680   0x000000b8   Code   RO         1681    i.ADC_RegularChannelConfig  stm32f4xx_adc.o
    0x08000738   0x00000018   Code   RO          668    i.BH1750_Configure  bh1750.o
    0x08000750   0x00000050   Code   RO          669    i.BH1750_PortInit   bh1750.o
    0x080007a0   0x00000034   Code   RO          670    i.BH1750_RecvACK    bh1750.o
    0x080007d4   0x00000058   Code   RO          673    i.BH1750_SendByte   bh1750.o
    0x0800082c   0x00000038   Code   RO          674    i.BH1750_Start      bh1750.o
    0x08000864   0x00000030   Code   RO          675    i.BH1750_Stop       bh1750.o
    0x08000894   0x00000038   Code   RO         1896    i.CAN_DeInit        stm32f4xx_can.o
    0x080008cc   0x00000108   Code   RO         1898    i.CAN_FilterInit    stm32f4xx_can.o
    0x080009d4   0x00000012   Code   RO         1904    i.CAN_ITConfig      stm32f4xx_can.o
    0x080009e6   0x00000114   Code   RO         1905    i.CAN_Init          stm32f4xx_can.o
    0x08000afa   0x0000001e   Code   RO         1906    i.CAN_MessagePending  stm32f4xx_can.o
    0x08000b18   0x000000f0   Code   RO         1908    i.CAN_Receive       stm32f4xx_can.o
    0x08000c08   0x00000126   Code   RO         1913    i.CAN_Transmit      stm32f4xx_can.o
    0x08000d2e   0x00000002   PAD
    0x08000d30   0x000000a0   Code   RO         1914    i.CAN_TransmitStatus  stm32f4xx_can.o
    0x08000dd0   0x0000006e   Code   RO         1027    i.CalulateCRC       rc522.o
    0x08000e3e   0x00000002   PAD
    0x08000e40   0x0000026c   Code   RO         6757    i.CanDrv_FiterUpdata  can_drv.o
    0x080010ac   0x00000034   Code   RO         6758    i.CanDrv_Fiter_Create16bit  can_drv.o
    0x080010e0   0x00000032   Code   RO         6759    i.CanDrv_Fiter_Create32bit  can_drv.o
    0x08001112   0x00000002   PAD
    0x08001114   0x00000010   Code   RO         6760    i.CanDrv_RxCheck    can_drv.o
    0x08001124   0x00000028   Code   RO         6762    i.CanDrv_RxGetMeesage  can_drv.o
    0x0800114c   0x00000074   Code   RO         6763    i.CanDrv_TxData     can_drv.o
    0x080011c0   0x00000018   Code   RO         6765    i.CanDrv_TxEmptyCheck  can_drv.o
    0x080011d8   0x00000012   Code   RO         6851    i.CanP_CanRx_Check  canp_hostcom.o
    0x080011ea   0x00000002   PAD
    0x080011ec   0x000000b0   Code   RO         6852    i.CanP_CanRx_Irq    canp_hostcom.o
    0x0800129c   0x00000014   Code   RO         6853    i.CanP_CanRx_TrackUp  canp_hostcom.o
    0x080012b0   0x000000e4   Code   RO         6855    i.CanP_CanTx_Check_fIrq  canp_hostcom.o
    0x08001394   0x00000028   Code   RO         6857    i.CanP_Cmd_Check    canp_hostcom.o
    0x080013bc   0x00000020   Code   RO         6858    i.CanP_Cmd_Init     canp_hostcom.o
    0x080013dc   0x00000048   Code   RO         6859    i.CanP_Cmd_Send     canp_hostcom.o
    0x08001424   0x00000054   Code   RO         6860    i.CanP_Cmd_Write    canp_hostcom.o
    0x08001478   0x00000060   Code   RO         6861    i.CanP_FifoInit     canp_hostcom.o
    0x080014d8   0x00000016   Code   RO         6862    i.CanP_FifoInitS    canp_hostcom.o
    0x080014ee   0x00000002   PAD
    0x080014f0   0x00000108   Code   RO         6863    i.CanP_Host_Main    canp_hostcom.o
    0x080015f8   0x0000002c   Code   RO         6864    i.CanP_Init         canp_hostcom.o
    0x08001624   0x00000054   Code   RO         7162    i.Can_WifiRx_Save   can_user.o
    0x08001678   0x00000180   Code   RO         7163    i.Can_ZigBeeRx_Check  can_user.o
    0x080017f8   0x00000054   Code   RO         7164    i.Can_ZigBeeRx_Save  can_user.o
    0x0800184c   0x00000060   Code   RO         7238    i.Can_check_Init    can_check.o
    0x080018ac   0x0000000c   Code   RO         7165    i.Canuser_main      can_user.o
    0x080018b8   0x00000074   Code   RO         1235    i.Car_Back          drive.o
    0x0800192c   0x0000006c   Code   RO         1236    i.Car_Go            drive.o
    0x08001998   0x0000002a   Code   RO         1237    i.Car_L45           drive.o
    0x080019c2   0x00000002   PAD
    0x080019c4   0x0000006c   Code   RO         1238    i.Car_Left          drive.o
    0x08001a30   0x0000002a   Code   RO         1239    i.Car_R45           drive.o
    0x08001a5a   0x00000002   PAD
    0x08001a5c   0x00000070   Code   RO         1240    i.Car_Right         drive.o
    0x08001acc   0x0000005c   Code   RO         1242    i.Car_Track         drive.o
    0x08001b28   0x00000078   Code   RO          588    i.Cba_Init          cba.o
    0x08001ba0   0x0000001e   Code   RO         1028    i.ClearBitMask      rc522.o
    0x08001bbe   0x0000005c   Code   RO         6606    i.Control           roadway_check.o
    0x08001c1a   0x00000002   PAD
    0x08001c1c   0x00000074   Code   RO          523    i.EXTI4_IRQHandler  ultrasonic.o
    0x08001c90   0x0000000c   Code   RO         2904    i.EXTI_ClearITPendingBit  stm32f4xx_exti.o
    0x08001c9c   0x00000018   Code   RO         2908    i.EXTI_GetITStatus  stm32f4xx_exti.o
    0x08001cb4   0x00000094   Code   RO         2909    i.EXTI_Init         stm32f4xx_exti.o
    0x08001d48   0x0000000c   Code   RO          767    i.Electricity_Init  power_check.o
    0x08001d54   0x0000002a   Code   RO         7054    i.FifoDrv_BufRead   fifo_drv.o
    0x08001d7e   0x00000028   Code   RO         7055    i.FifoDrv_BufWrite  fifo_drv.o
    0x08001da6   0x00000030   Code   RO         7056    i.FifoDrv_CheckReadEn  fifo_drv.o
    0x08001dd6   0x0000001c   Code   RO         7057    i.FifoDrv_CheckWriteEn  fifo_drv.o
    0x08001df2   0x00000024   Code   RO         7059    i.FifoDrv_Init      fifo_drv.o
    0x08001e16   0x00000030   Code   RO         7060    i.FifoDrv_ReadOne   fifo_drv.o
    0x08001e46   0x00000024   Code   RO         7061    i.FifoDrv_StructCheck  fifo_drv.o
    0x08001e6a   0x0000002c   Code   RO         7062    i.FifoDrv_WriteOne  fifo_drv.o
    0x08001e96   0x00000090   Code   RO         3397    i.GPIO_Init         stm32f4xx_gpio.o
    0x08001f26   0x00000046   Code   RO         3398    i.GPIO_PinAFConfig  stm32f4xx_gpio.o
    0x08001f6c   0x00000012   Code   RO         3401    i.GPIO_ReadInputDataBit  stm32f4xx_gpio.o
    0x08001f7e   0x00000004   Code   RO         3404    i.GPIO_ResetBits    stm32f4xx_gpio.o
    0x08001f82   0x00000004   Code   RO         3405    i.GPIO_SetBits      stm32f4xx_gpio.o
    0x08001f86   0x00000002   PAD
    0x08001f88   0x0000016c   Code   RO         1244    i.Garage_Cont_Zigbee  drive.o
    0x080020f4   0x000000a8   Code   RO         1247    i.Gate_Show_Zigbee  drive.o
    0x0800219c   0x00000034   Code   RO         6868    i.Get_Host_UpTrack  canp_hostcom.o
    0x080021d0   0x00000068   Code   RO         6607    i.Go_and_Back_Check  roadway_check.o
    0x08002238   0x0000012c   Code   RO         7122    i.Hard_Can_Init     hard_can.o
    0x08002364   0x00000024   Code   RO         7123    i.Hard_Can_SpeedMode  hard_can.o
    0x08002388   0x00000008   Code   RO         7124    i.Hard_Can_While    hard_can.o
    0x08002390   0x00000024   Code   RO          835    i.Hard_Uart_MurtSel  uart_a72.o
    0x080023b4   0x00000056   Code   RO            3    i.Hardware_Init     main.o
    0x0800240a   0x00000002   PAD
    0x0800240c   0x0000000c   Code   RO         6869    i.Host_Receive_UpTrack  canp_hostcom.o
    0x08002418   0x00000040   Code   RO          218    i.Infrared_Init     infrared.o
    0x08002458   0x000000b4   Code   RO          219    i.Infrared_Send     infrared.o
    0x0800250c   0x00000034   Code   RO         1029    i.InitRc522         rc522.o
    0x08002540   0x0000044c   Code   RO            4    i.KEY_Check         main.o
    0x0800298c   0x00000070   Code   RO         1248    i.LED_Date_Zigbee   drive.o
    0x080029fc   0x00000088   Code   RO         1249    i.LED_Dis_Zigbee    drive.o
    0x08002a84   0x0000005c   Code   RO         1030    i.M500PcdConfigISOType  rc522.o
    0x08002ae0   0x00000078   Code   RO         1606    i.NVIC_Init         misc.o
    0x08002b58   0x00000014   Code   RO         1607    i.NVIC_PriorityGroupConfig  misc.o
    0x08002b6c   0x0000007c   Code   RO          771    i.Parameter_Init    power_check.o
    0x08002be8   0x0000000c   Code   RO         1031    i.PcdAntennaOff     rc522.o
    0x08002bf4   0x0000001a   Code   RO         1032    i.PcdAntennaOn      rc522.o
    0x08002c0e   0x00000070   Code   RO         1033    i.PcdAnticoll       rc522.o
    0x08002c7e   0x0000006e   Code   RO         1034    i.PcdAuthState      rc522.o
    0x08002cec   0x00000132   Code   RO         1035    i.PcdComMF522       rc522.o
    0x08002e1e   0x00000054   Code   RO         1037    i.PcdRead           rc522.o
    0x08002e72   0x00000054   Code   RO         1038    i.PcdRequest        rc522.o
    0x08002ec6   0x00000048   Code   RO         1039    i.PcdReset          rc522.o
    0x08002f0e   0x00000072   Code   RO         1040    i.PcdSelect         rc522.o
    0x08002f80   0x00000092   Code   RO         1041    i.PcdWrite          rc522.o
    0x08003012   0x00000002   PAD
    0x08003014   0x00000174   Code   RO         1042    i.RC522             rc522.o
    0x08003188   0x00000094   Code   RO         1043    i.RC522_Uart_init   rc522.o
    0x0800321c   0x00000020   Code   RO         4283    i.RCC_AHB1PeriphClockCmd  stm32f4xx_rcc.o
    0x0800323c   0x00000020   Code   RO         4292    i.RCC_APB1PeriphClockCmd  stm32f4xx_rcc.o
    0x0800325c   0x00000020   Code   RO         4294    i.RCC_APB1PeriphResetCmd  stm32f4xx_rcc.o
    0x0800327c   0x00000020   Code   RO         4295    i.RCC_APB2PeriphClockCmd  stm32f4xx_rcc.o
    0x0800329c   0x00000020   Code   RO         4297    i.RCC_APB2PeriphResetCmd  stm32f4xx_rcc.o
    0x080032bc   0x000000e8   Code   RO         4304    i.RCC_GetClocksFreq  stm32f4xx_rcc.o
    0x080033a4   0x0000003e   Code   RO         1046    i.Rc522_OutSRst     rc522.o
    0x080033e2   0x0000002a   Code   RO         1047    i.ReadRawRC         rc522.o
    0x0800340c   0x00000018   Code   RO         1049    i.Readcard_daivce_Init  rc522.o
    0x08003424   0x00000048   Code   RO         1050    i.Rece_data         rc522.o
    0x0800346c   0x00000014   Code   RO         6608    i.Roadway_Check     roadway_check.o
    0x08003480   0x00000048   Code   RO         6611    i.Roadway_mp_Get    roadway_check.o
    0x080034c8   0x00000014   Code   RO         6612    i.Roadway_mp_syn    roadway_check.o
    0x080034dc   0x00000058   Code   RO         1252    i.Rotate_show_Inf   drive.o
    0x08003534   0x00000020   Code   RO          678    i.SDA_IN            bh1750.o
    0x08003554   0x00000028   Code   RO          679    i.SDA_OUT           bh1750.o
    0x0800357c   0x000001e0   Code   RO          354    i.SYN7318_Extern    syn7318.o
    0x0800375c   0x0000001a   Code   RO          355    i.SYN7318_Get_String  syn7318.o
    0x08003776   0x00000002   PAD
    0x08003778   0x00000024   Code   RO          356    i.SYN7318_Get_char  syn7318.o
    0x0800379c   0x00000048   Code   RO          357    i.SYN7318_Init      syn7318.o
    0x080037e4   0x0000000c   Code   RO          358    i.SYN7318_Put_Char  syn7318.o
    0x080037f0   0x0000001a   Code   RO          359    i.SYN7318_Put_String  syn7318.o
    0x0800380a   0x00000002   PAD
    0x0800380c   0x00000078   Code   RO          362    i.SYN_TTS           syn7318.o
    0x08003884   0x00000040   Code   RO         5578    i.SYSCFG_EXTILineConfig  stm32f4xx_syscfg.o
    0x080038c4   0x0000001c   Code   RO         6873    i.Send_InfoData_To_Fifo  canp_hostcom.o
    0x080038e0   0x00000054   Code   RO         6875    i.Send_UpMotor      canp_hostcom.o
    0x08003934   0x00000018   Code   RO         6877    i.Send_ZigbeeData_To_Fifo  canp_hostcom.o
    0x0800394c   0x00000034   Code   RO         1052    i.Send_data         rc522.o
    0x08003980   0x0000001e   Code   RO         1053    i.SetBitMask        rc522.o
    0x0800399e   0x00000002   PAD
    0x080039a0   0x000000ec   Code   RO         6450    i.SetSysClock       system_stm32f4xx.o
    0x08003a8c   0x0000001a   Code   RO          680    i.Single_Write_BH1750  bh1750.o
    0x08003aa6   0x00000002   PAD
    0x08003aa8   0x00000044   Code   RO          364    i.Status_Query      syn7318.o
    0x08003aec   0x00000028   Code   RO         1610    i.SysTick_CLKSourceConfig  misc.o
    0x08003b14   0x00000068   Code   RO         6452    i.SystemInit        system_stm32f4xx.o
    0x08003b7c   0x00000074   Code   RO         1256    i.TFT_Test_Zigbee   drive.o
    0x08003bf0   0x00000020   Code   RO         6615    i.TIM1_BRK_TIM9_IRQHandler  roadway_check.o
    0x08003c10   0x0000002c   Code   RO         1562    i.TIM1_UP_TIM10_IRQHandler  timer.o
    0x08003c3c   0x0000002c   Code   RO          524    i.TIM6_DAC_IRQHandler  ultrasonic.o
    0x08003c68   0x00000020   Code   RO         7239    i.TIM7_IRQHandler   can_check.o
    0x08003c88   0x00000006   Code   RO         5642    i.TIM_ClearITPendingBit  stm32f4xx_tim.o
    0x08003c8e   0x00000018   Code   RO         5647    i.TIM_Cmd           stm32f4xx_tim.o
    0x08003ca6   0x00000022   Code   RO         5668    i.TIM_GetITStatus   stm32f4xx_tim.o
    0x08003cc8   0x00000012   Code   RO         5672    i.TIM_ITConfig      stm32f4xx_tim.o
    0x08003cda   0x00000002   PAD
    0x08003cdc   0x00000084   Code   RO         5719    i.TIM_TimeBaseInit  stm32f4xx_tim.o
    0x08003d60   0x00000034   Code   RO          467    i.Tba_Beep_Config   tba.o
    0x08003d94   0x00000010   Code   RO          468    i.Tba_Init          tba.o
    0x08003da4   0x0000002c   Code   RO          469    i.Tba_Photoresistance_Config  tba.o
    0x08003dd0   0x00000034   Code   RO          470    i.Tba_WheelLED_Config  tba.o
    0x08003e04   0x00000060   Code   RO         1563    i.Timer_Init        timer.o
    0x08003e64   0x00000020   Code   RO         6616    i.Track_Check       roadway_check.o
    0x08003e84   0x000002f8   Code   RO         6617    i.Track_Correct     roadway_check.o
    0x0800417c   0x00000024   Code   RO          366    i.U6SendChar        syn7318.o
    0x080041a0   0x00000010   Code   RO         6497    i.U8ToU16           my_lib.o
    0x080041b0   0x00000010   Code   RO         6498    i.U8ToU16_Big       my_lib.o
    0x080041c0   0x00000010   Code   RO          836    i.UART4_IRQHandler  uart_a72.o
    0x080041d0   0x0000005c   Code   RO          610    i.USART1_IRQHandler  usart.o
    0x0800422c   0x0000007c   Code   RO          837    i.USART2_IRQHandler  uart_a72.o
    0x080042a8   0x00000098   Code   RO          367    i.USART6_Init       syn7318.o
    0x08004340   0x00000012   Code   RO         6193    i.USART_ClearFlag   stm32f4xx_usart.o
    0x08004352   0x0000001e   Code   RO         6194    i.USART_ClearITPendingBit  stm32f4xx_usart.o
    0x08004370   0x00000018   Code   RO         6197    i.USART_Cmd         stm32f4xx_usart.o
    0x08004388   0x0000001a   Code   RO         6200    i.USART_GetFlagStatus  stm32f4xx_usart.o
    0x080043a2   0x00000054   Code   RO         6201    i.USART_GetITStatus  stm32f4xx_usart.o
    0x080043f6   0x0000004a   Code   RO         6203    i.USART_ITConfig    stm32f4xx_usart.o
    0x08004440   0x000000d4   Code   RO         6204    i.USART_Init        stm32f4xx_usart.o
    0x08004514   0x0000000a   Code   RO         6211    i.USART_ReceiveData  stm32f4xx_usart.o
    0x0800451e   0x00000008   Code   RO         6214    i.USART_SendData    stm32f4xx_usart.o
    0x08004526   0x00000002   PAD
    0x08004528   0x0000005c   Code   RO          838    i.UartA72_Init      uart_a72.o
    0x08004584   0x00000134   Code   RO          844    i.Uart_A72_PortInit  uart_a72.o
    0x080046b8   0x000000f8   Code   RO          937    i.Uart_Irq          uart_drv.o
    0x080047b0   0x00000056   Code   RO          525    i.Ultrasonic_EXTI   ultrasonic.o
    0x08004806   0x00000014   Code   RO          526    i.Ultrasonic_Init   ultrasonic.o
    0x0800481a   0x00000002   PAD
    0x0800481c   0x00000068   Code   RO          527    i.Ultrasonic_Port   ultrasonic.o
    0x08004884   0x00000058   Code   RO          528    i.Ultrasonic_Ranging  ultrasonic.o
    0x080048dc   0x00000058   Code   RO          529    i.Ultrasonic_TIM    ultrasonic.o
    0x08004934   0x00000010   Code   RO         1055    i.WriteRawRC        rc522.o
    0x08004944   0x00000044   Code   RO         1056    i.WriteRawRC_HDL    rc522.o
    0x08004988   0x00000054   Code   RO         1258    i.YY_Comm_Zigbee    drive.o
    0x080049dc   0x0000000e   Code   RO         7315    i.__scatterload_copy  mc_w.l(handlers.o)
    0x080049ea   0x00000002   Code   RO         7316    i.__scatterload_null  mc_w.l(handlers.o)
    0x080049ec   0x0000000e   Code   RO         7317    i.__scatterload_zeroinit  mc_w.l(handlers.o)
    0x080049fa   0x00000002   PAD
    0x080049fc   0x0000003c   Code   RO         1528    i.delay_init        delay.o
    0x08004a38   0x0000004c   Code   RO         1529    i.delay_ms          delay.o
    0x08004a84   0x0000004c   Code   RO         1530    i.delay_us          delay.o
    0x08004ad0   0x0000000c   Code   RO         1564    i.gt_get            timer.o
    0x08004adc   0x00000018   Code   RO         1565    i.gt_get_sub        timer.o
    0x08004af4   0x00000080   Code   RO            5    i.main              main.o
    0x08004b74   0x00000060   Code   RO         6619    i.roadway_check_TimInit  roadway_check.o
    0x08004bd4   0x0000003c   Code   RO         6620    i.wheel_Nav_check   roadway_check.o
    0x08004c10   0x000000a4   Code   RO         6621    i.wheel_Track_check  roadway_check.o
    0x08004cb4   0x00000110   Data   RO         6500    .constdata          my_lib.o
    0x08004dc4   0x00000020   Data   RO         7313    Region$$Table       anon$$obj.o


    Execution Region RW_IRAM2 (Base: 0x10000000, Size: 0x00000000, Max: 0x00010000, ABSOLUTE)

    **** No section assigned to this execution region ****


    Execution Region RW_IRAM1 (Base: 0x20000000, Size: 0x00000fe8, Max: 0x00020000, ABSOLUTE, COMPRESSED[0x000001d8])

    Base Addr    Size         Type   Attr      Idx    E Section Name        Object

    0x20000000   0x000001b0   Data   RW            6    .data               main.o
    0x200001b0   0x0000015e   Data   RW          369    .data               syn7318.o
    0x2000030e   0x00000002   PAD
    0x20000310   0x0000000a   Data   RW          530    .data               ultrasonic.o
    0x2000031a   0x00000004   Data   RW          614    .data               usart.o
    0x2000031e   0x00000002   PAD
    0x20000320   0x00000013   Data   RW          773    .data               power_check.o
    0x20000333   0x00000003   Data   RW          846    .data               uart_a72.o
    0x20000336   0x00000002   PAD
    0x20000338   0x0000001c   Data   RW          940    .data               uart_drv.o
    0x20000354   0x00000031   Data   RW         1058    .data               rc522.o
    0x20000385   0x00000001   PAD
    0x20000386   0x00000134   Data   RW         1260    .data               drive.o
    0x200004ba   0x00000004   Data   RW         1531    .data               delay.o
    0x200004be   0x00000002   PAD
    0x200004c0   0x00000008   Data   RW         1566    .data               timer.o
    0x200004c8   0x00000010   Data   RW         4336    .data               stm32f4xx_rcc.o
    0x200004d8   0x00000028   Data   RW         6622    .data               roadway_check.o
    0x20000500   0x00000002   Data   RW         6770    .data               can_drv.o
    0x20000502   0x00000002   PAD
    0x20000504   0x00000037   Data   RW         6882    .data               canp_hostcom.o
    0x2000053b   0x00000001   PAD
    0x2000053c   0x0000013a   Data   RW         7169    .data               can_user.o
    0x20000676   0x00000002   PAD
    0x20000678   0x00000032   Zero   RW          845    .bss                uart_a72.o
    0x200006aa   0x00000002   PAD
    0x200006ac   0x000000dc   Zero   RW          939    .bss                uart_drv.o
    0x20000788   0x00000010   Zero   RW         1057    .bss                rc522.o
    0x20000798   0x00000064   Zero   RW         6585    .bss                data_base.o
    0x200007fc   0x00000028   Zero   RW         6769    .bss                can_drv.o
    0x20000824   0x0000020c   Zero   RW         6881    .bss                canp_hostcom.o
    0x20000a30   0x00000028   Zero   RW         7125    .bss                hard_can.o
    0x20000a58   0x00000190   Zero   RW         7168    .bss                can_user.o
    0x20000be8   0x00000400   Zero   RW         6441    STACK               startup_stm32f40_41xxx.o


==============================================================================

Image component sizes


      Code (inc. data)   RO Data    RW Data    ZI Data      Debug   Object Name

       446         58          0          0          0       5162   bh1750.o
       128          8          0          0          0       1235   can_check.o
       918         30          0          2         40       7411   can_drv.o
       564         60          0        314        400       5665   can_user.o
      1296        200          0         55        524      14301   canp_hostcom.o
       120          8          0          0          0        595   cba.o
         0          0          0          0        100       2433   data_base.o
       212         16          0          4          0       1919   delay.o
      1688        250          0        308          0      12017   drive.o
       322          0          0          0          0       5652   fifo_drv.o
       344         22          0          0         40       2164   hard_can.o
       244         18          0          0          0     312860   infrared.o
      1314        118          0        432          0      23665   main.o
       180         24          0          0          0       2113   misc.o
        32          0        272          0          0       2606   my_lib.o
       276         34          0         19          0       2933   power_check.o
      2236        134          0         49         16      18577   rc522.o
      1452        112          0         40          0       7760   roadway_check.o
        36          8        392          0       1024        852   startup_stm32f40_41xxx.o
       338         24          0          0          0       3861   stm32f4xx_adc.o
      1338         34          0          0          0       6467   stm32f4xx_can.o
       184         16          0          0          0       2132   stm32f4xx_exti.o
       240          0          0          0          0       3583   stm32f4xx_gpio.o
       392         48          0         16          0       5925   stm32f4xx_rcc.o
        64          4          0          0          0        664   stm32f4xx_syscfg.o
       214         28          0          0          0       3734   stm32f4xx_tim.o
       486          8          0          0          0       6813   stm32f4xx_usart.o
      1028        242          0        350          0       9103   syn7318.o
       340         32          0          0          0       1573   system_stm32f4xx.o
       164         18          0          0          0       2248   tba.o
       176         24          0          8          0       2864   timer.o
       576         70          0          3         50       4028   uart_a72.o
       248         18          0         28        220       2355   uart_drv.o
       546         66          0         10          0       4539   ultrasonic.o
        92         16          0          4          0       1255   usart.o

    ----------------------------------------------------------------------
     18272       1748        696       1656       2416     491064   Object Totals
         0          0         32          0          0          0   (incl. Generated)
        38          0          0         14          2          0   (incl. Padding)

    ----------------------------------------------------------------------

      Code (inc. data)   RO Data    RW Data    ZI Data      Debug   Library Member Name

        94          0          0          0          0          0   __dclz77c.o
         0          0          0          0          0          0   entry.o
         0          0          0          0          0          0   entry10a.o
         0          0          0          0          0          0   entry11a.o
         8          4          0          0          0          0   entry2.o
         4          0          0          0          0          0   entry5.o
         0          0          0          0          0          0   entry7b.o
         0          0          0          0          0          0   entry8b.o
         8          4          0          0          0          0   entry9a.o
        30          0          0          0          0          0   handlers.o
        36          8          0          0          0         68   init.o
         0          0          0          0          0          0   iusefp.o
        30          0          0          0          0         68   llshl.o
        32          0          0          0          0         68   llushr.o
        36          0          0          0          0         68   memcpya.o
        36          0          0          0          0        108   memseta.o
        28          0          0          0          0         76   strcmp.o
        14          0          0          0          0         68   strlen.o
        56          0          0          0          0         88   d2f.o
       222          0          0          0          0        100   ddiv.o
       186          0          0          0          0        176   depilogue.o
        38          0          0          0          0         68   f2d.o
       110          0          0          0          0        168   fepilogue.o

    ----------------------------------------------------------------------
       972         16          0          0          0       1124   Library Totals
         4          0          0          0          0          0   (incl. Padding)

    ----------------------------------------------------------------------

      Code (inc. data)   RO Data    RW Data    ZI Data      Debug   Library Name

       356         16          0          0          0        524   mc_w.l
       612          0          0          0          0        600   mf_w.l

    ----------------------------------------------------------------------
       972         16          0          0          0       1124   Library Totals

    ----------------------------------------------------------------------

==============================================================================


      Code (inc. data)   RO Data    RW Data    ZI Data      Debug   

     19244       1764        696       1656       2416     473404   Grand Totals
     19244       1764        696        472       2416     473404   ELF Image Totals (compressed)
     19244       1764        696        472          0          0   ROM Totals

==============================================================================

    Total RO  Size (Code + RO Data)                19940 (  19.47kB)
    Total RW  Size (RW Data + ZI Data)              4072 (   3.98kB)
    Total ROM Size (Code + RO Data + RW Data)      20412 (  19.93kB)

==============================================================================

